Solving n100...
n100: area=185330, W=86, H=2155, aspect=25.058140, gap=3.247336%, tries=3700, time=226.22s
Solving n200...
n200: area=180900, W=60, H=3015, aspect=50.250000, gap=2.961934%, tries=3790, time=1216.44s
Solving n300...
n300: area=289640, W=520, H=557, aspect=1.071154, gap=6.029213%, tries=2952, time=113.65s
	Command being timed: ".venv/bin/python src/q1_floorplanning.py --output-dir results/q1"
	User time (seconds): 1555.48
	System time (seconds): 0.02
	Percent of CPU this job got: 99%
	Elapsed (wall clock) time (h:mm:ss or m:ss): 25:56.75
	Average shared text size (kbytes): 0
	Average unshared data size (kbytes): 0
	Average stack size (kbytes): 0
	Average total size (kbytes): 0
	Maximum resident set size (kbytes): 35904
	Average resident set size (kbytes): 0
	Major (requiring I/O) page faults: 9
	Minor (reclaiming a frame) page faults: 7972
	Voluntary context switches: 4
	Involuntary context switches: 2300
	Swaps: 0
	File system inputs: 0
	File system outputs: 0
	Socket messages sent: 0
	Socket messages received: 0
	Signals delivered: 0
	Page size (bytes): 4096
	Exit status: 0
