Solving n100 Q2...
n100: L=454.341 (grid 454), hpwl=220279.00, deadspace=15.0000%, method=maxrects:degree_area+wire, time=248.33s
Solving n200 Q2...
n200: L=449.500 (grid 449), hpwl=410072.50, deadspace=15.0000%, method=maxrects:target_yx+wire, time=328.65s
Solving n300 Q2...
n300: L=560.487 (grid 560), hpwl=560492.50, deadspace=15.0000%, method=maxrects:target_xy+wire, time=638.91s
	Command being timed: ".venv/bin/python src/q2_fixed_outline_hpwl.py --output-dir results/q2 --refine-passes 2 --refine-top 3 --refine-method mixed"
	User time (seconds): 1220.75
	System time (seconds): 0.07
	Percent of CPU this job got: 100%
	Elapsed (wall clock) time (h:mm:ss or m:ss): 20:16.81
	Average shared text size (kbytes): 0
	Average unshared data size (kbytes): 0
	Average stack size (kbytes): 0
	Average total size (kbytes): 0
	Maximum resident set size (kbytes): 54536
	Average resident set size (kbytes): 0
	Major (requiring I/O) page faults: 0
	Minor (reclaiming a frame) page faults: 33422
	Voluntary context switches: 86
	Involuntary context switches: 2044
	Swaps: 0
	File system inputs: 0
	File system outputs: 0
	Socket messages sent: 0
	Socket messages received: 0
	Signals delivered: 0
	Page size (bytes): 4096
	Exit status: 0
