Solving n100 Q3...
n100: L_min=439, gamma=7.364861%, HPWL=239551.00, method=shelf_bfd:wide, time=85.65s
Solving n200 Q3...
n200: L_min=432, gamma=6.219834%, HPWL=442024.00, method=shelf_bfd:narrow, time=253.90s
Solving n300 Q3...
n300: L_min=537, gamma=5.563935%, HPWL=640695.50, method=shelf_bfd:narrow, time=389.02s
	Command being timed: ".venv/bin/python src/q3_min_deadspace.py --output-dir results/q3 --refine-passes 2 --refine-top 3 --refine-method mixed"
	User time (seconds): 1194.04
	System time (seconds): 0.16
	Percent of CPU this job got: 100%
	Elapsed (wall clock) time (h:mm:ss or m:ss): 19:50.42
	Average shared text size (kbytes): 0
	Average unshared data size (kbytes): 0
	Average stack size (kbytes): 0
	Average total size (kbytes): 0
	Maximum resident set size (kbytes): 66288
	Average resident set size (kbytes): 0
	Major (requiring I/O) page faults: 0
	Minor (reclaiming a frame) page faults: 41755
	Voluntary context switches: 89
	Involuntary context switches: 1577
	Swaps: 0
	File system inputs: 0
	File system outputs: 0
	Socket messages sent: 0
	Socket messages received: 0
	Signals delivered: 0
	Page size (bytes): 4096
	Exit status: 0
