Q4: W=6, H=4, area=24, dead_area=0, explored_nodes=98, time=0.007927s
	Command being timed: ".venv/bin/python src/q4_nonrect_floorplanning.py --output-dir results/q4"
	User time (seconds): 0.14
	System time (seconds): 0.01
	Percent of CPU this job got: 98%
	Elapsed (wall clock) time (h:mm:ss or m:ss): 0:00.16
	Average shared text size (kbytes): 0
	Average unshared data size (kbytes): 0
	Average stack size (kbytes): 0
	Average total size (kbytes): 0
	Maximum resident set size (kbytes): 21088
	Average resident set size (kbytes): 0
	Major (requiring I/O) page faults: 0
	Minor (reclaiming a frame) page faults: 3514
	Voluntary context switches: 6
	Involuntary context switches: 0
	Swaps: 0
	File system inputs: 40
	File system outputs: 0
	Socket messages sent: 0
	Socket messages received: 0
	Signals delivered: 0
	Page size (bytes): 4096
	Exit status: 0
